src/components/analysis/cycle-statistics.tsx(27,23): error TS18046: 'data' is of type 'unknown'.
src/components/analysis/cycle-statistics.tsx(33,23): error TS18046: 'data' is of type 'unknown'.
src/components/analysis/symptom-charts.tsx(44,93): error TS2322: Type '{ children: Element[]; value: "month" | "week" | "all" | "6months" | "year"; onValueChange: (value: string) => void; className: string; }' is not assignable to type 'IntrinsicAttributes & SelectProps'.
  Property 'className' does not exist on type 'IntrinsicAttributes & SelectProps'.
src/components/settings/account-settings.tsx(87,20): error TS2339: Property 'name' does not exist on type '{}'.
src/components/settings/account-settings.tsx(87,43): error TS2339: Property 'name' does not exist on type '{}'.
src/components/settings/account-settings.tsx(88,20): error TS2339: Property 'email' does not exist on type '{}'.
src/components/settings/account-settings.tsx(88,45): error TS2339: Property 'email' does not exist on type '{}'.
src/components/settings/account-settings.tsx(182,38): error TS2339: Property 'reminderEnabled' does not exist on type '{}'.
src/components/settings/account-settings.tsx(189,38): error TS2339: Property 'fertileWindowAlerts' does not exist on type '{}'.
src/components/settings/account-settings.tsx(196,38): error TS2339: Property 'weeklySummary' does not exist on type '{}'.
src/pages/analysis.tsx(49,11): error TS2740: Type '{}' is missing the following properties from type '{ id: number; date: string; userId: number; symptomId: number; intensity: number | null; }[]': length, pop, push, concat, and 35 more.
src/pages/analysis.tsx(50,11): error TS2740: Type '{}' is missing the following properties from type '{ id: number; date: string; userId: number; mood: string; }[]': length, pop, push, concat, and 35 more.
src/pages/analysis.tsx(51,11): error TS2740: Type '{}' is missing the following properties from type '{ id: number; date: string; userId: number; type: string; }[]': length, pop, push, concat, and 35 more.
src/pages/analysis.tsx(52,11): error TS2740: Type '{}' is missing the following properties from type '{ id: number; name: string; category: string; }[]': length, pop, push, concat, and 35 more.
../server/database-storage.ts(4,3): error TS2724: '"@shared/schema"' has no exported member named 'users'. Did you mean 'User'?
../server/database-storage.ts(5,3): error TS2724: '"@shared/schema"' has no exported member named 'cycles'. Did you mean 'Cycle'?
../server/database-storage.ts(6,3): error TS2724: '"@shared/schema"' has no exported member named 'flowRecords'. Did you mean 'FlowRecord'?
../server/database-storage.ts(7,3): error TS2724: '"@shared/schema"' has no exported member named 'moodRecords'. Did you mean 'MoodRecord'?
../server/database-storage.ts(8,3): error TS2724: '"@shared/schema"' has no exported member named 'symptoms'. Did you mean 'Symptom'?
../server/database-storage.ts(9,3): error TS2724: '"@shared/schema"' has no exported member named 'symptomRecords'. Did you mean 'SymptomRecord'?
../server/database-storage.ts(10,3): error TS2724: '"@shared/schema"' has no exported member named 'dailyNotes'. Did you mean 'DailyNote'?
../server/database-storage.ts(11,3): error TS2724: '"@shared/schema"' has no exported member named 'userSettings'. Did you mean 'UserSettings'?
../server/database-storage.ts(33,14): error TS2420: Class 'DatabaseStorage' incorrectly implements interface 'IStorage'.
  Type 'DatabaseStorage' is missing the following properties from type 'IStorage': getSexRecords, getSexRecord, createSexRecord, updateSexRecord, and 8 more.
../server/database-storage.ts(161,21): error TS2339: Property 'where' does not exist on type 'Omit<PgSelectBase<any, any, "single", any, false, "where", any[], any>, "where">'.
../server/database-storage.ts(239,21): error TS2339: Property 'where' does not exist on type 'Omit<PgSelectBase<any, any, "single", any, false, "where", any[], any>, "where">'.
../server/database-storage.ts(299,7): error TS2740: Type 'Omit<PgSelectBase<any, any, "single", any, false, "where", any[], any>, "where">' is missing the following properties from type 'PgSelectBase<any, any, "single", any, false, never, any[], any>': config, joinsNotNullableMap, tableName, isPartialSelect, and 5 more.
../server/database-storage.ts(358,21): error TS2339: Property 'where' does not exist on type 'Omit<PgSelectBase<any, any, "single", any, false, "where", any[], any>, "where">'.
../server/database-storage.ts(405,12): error TS18047: 'result.rowCount' is possibly 'null'.
../server/database-storage.ts(418,21): error TS2339: Property 'where' does not exist on type 'Omit<PgSelectBase<any, any, "single", any, false, "where", any[], any>, "where">'.
../server/routes.ts(54,40): error TS2345: Argument of type '{ userId: number; emailNotifications: true; reminderEnabled: true; fertileWindowAlerts: false; weeklySummary: true; language: string; dataStorage: string; hiddenSymptoms: never[]; medications: never[]; defaultCycleLength: number; defaultPeriodLength: number; showPmddSymptoms: true; }' is not assignable to parameter of type '{ userId: number; emailNotifications: boolean | null; reminderEnabled: boolean | null; fertileWindowAlerts: boolean | null; weeklySummary: boolean | null; language: string | null; ... 6 more ...; showIntimateActivity: boolean; }'.
  Property 'showIntimateActivity' is missing in type '{ userId: number; emailNotifications: true; reminderEnabled: true; fertileWindowAlerts: false; weeklySummary: true; language: string; dataStorage: string; hiddenSymptoms: never[]; medications: never[]; defaultCycleLength: number; defaultPeriodLength: number; showPmddSymptoms: true; }' but required in type '{ userId: number; emailNotifications: boolean | null; reminderEnabled: boolean | null; fertileWindowAlerts: boolean | null; weeklySummary: boolean | null; language: string | null; ... 6 more ...; showIntimateActivity: boolean; }'.
../server/routes.ts(637,53): error TS2345: Argument of type '{ userId: number; emailNotifications: true; reminderEnabled: true; fertileWindowAlerts: false; weeklySummary: true; language: string; dataStorage: string; hiddenSymptoms: never[]; medications: never[]; defaultCycleLength: number; defaultPeriodLength: number; showPmddSymptoms: true; }' is not assignable to parameter of type '{ userId: number; emailNotifications: boolean | null; reminderEnabled: boolean | null; fertileWindowAlerts: boolean | null; weeklySummary: boolean | null; language: string | null; ... 6 more ...; showIntimateActivity: boolean; }'.
  Property 'showIntimateActivity' is missing in type '{ userId: number; emailNotifications: true; reminderEnabled: true; fertileWindowAlerts: false; weeklySummary: true; language: string; dataStorage: string; hiddenSymptoms: never[]; medications: never[]; defaultCycleLength: number; defaultPeriodLength: number; showPmddSymptoms: true; }' but required in type '{ userId: number; emailNotifications: boolean | null; reminderEnabled: boolean | null; fertileWindowAlerts: boolean | null; weeklySummary: boolean | null; language: string | null; ... 6 more ...; showIntimateActivity: boolean; }'.
